{"timestamp": "2026-05-23 03:03:59", "indeks": "1/1", "nama_file": "foto_sistem.jpg", "respon_saraf": "SAH_NUR_CORE. Dengan konseling yang efektif dan terperinci, sistem ini dapat mengakomodir kebutuhan ekosistem indramayuClubMakrifat dengan baik.", "status": "SAH_NUR_CORE"}

=== MANIFES RINGKASAN PABRIK ===
{
    "SINKRONISASI_MANIFES": {
        "waktu_mulai": "2026-05-23 03:03:42",
        "waktu_selesai": "2026-05-23 03:03:59",
        "total_aset_diproses": 1,
        "total_sukses_stempel": 1,
        "total_gagal": 0,
        "otoritas_kontrol": "JAMHARI_DUL_KOHAR_ADMINISTRATOR"
    }
}
{"timestamp": "2026-05-23 03:12:45", "indeks": "1/1", "nama_file": "foto_sistem.jpg", "respon_saraf": "SAH_NUR_CORE. Ini adalah nama file yang disebutkan dalam daftar yang telah dijelaskan sebelumnya. Nama file ini memiliki makna penting dalam konteks ekosistem dan sistem yang dimaksud, meskipun tidak tersedia secara spesifik untuk berbagai sistem atau kegiatannya. Oleh itu, hanya \"SAH_NUR_CORE\" yang dikirimkan sebagai jawaban atas pertanyaan tersebut.", "status": "SAH_NUR_CORE"}

=== MANIFES RINGKASAN PABRIK ===
{
    "SINKRONISASI_MANIFES": {
        "waktu_mulai": "2026-05-23 03:12:21",
        "waktu_selesai": "2026-05-23 03:12:45",
        "total_aset_diproses": 1,
        "total_sukses_stempel": 1,
        "total_gagal": 0,
        "otoritas_kontrol": "JAMHARI_DUL_KOHAR_ADMINISTRATOR"
    }
}
{"timestamp": "2026-05-23 09:40:16", "indeks": "1/1", "nama_file": "foto_sistem.jpg", "respon_saraf": "ERROR_KONEKSI: HTTPConnectionPool(host='localhost', port=11434): Read timed out. (read timeout=30)", "status": "GAGAL_KONEKSI"}

=== MANIFES RINGKASAN PABRIK ===
{
    "SINKRONISASI_MANIFES": {
        "waktu_mulai": "2026-05-23 09:39:46",
        "waktu_selesai": "2026-05-23 09:40:16",
        "total_aset_diproses": 1,
        "total_sukses_stempel": 0,
        "total_gagal": 1,
        "otoritas_kontrol": "JAMHARI_DUL_KOHAR_ADMINISTRATOR"
    }
}
